// Jest Snapshot v1, https://goo.gl/fbAQLP

exports[`should correctly render login page 1`] = `
<div
  className="box-layout"
>
  <div
    className="box-layout__box"
  >
    <h1
      className=".box-layout__title"
    >
      Boilerplate App
    </h1>
    <p>
      Tag line for App.
    </p>
    <button
      className="button"
      onClick={[Function]}
      value="Login with Google"
    >
      Login with Google
    </button>
  </div>
</div>
`;
